lcircle1</usr/share/texmf/fonts/type1/bluesky/cm/lcircle1.pfb
lcmssi8</usr/share/texmf/fonts/type1/bluesky/cm/lcmssi8.pfb
cmtt8</usr/share/texmf/fonts/type1/bluesky/cm/cmtt8.pfb
cmtt9</usr/share/texmf/fonts/type1/bluesky/cm/cmtt9.pfb
cmvtt10</usr/share/texmf/fonts/type1/bluesky/cm/cmvtt10.pfb
cmssqi8</usr/share/texmf/fonts/type1/bluesky/cm/cmssqi8.pfb
lcirclew</usr/share/texmf/fonts/type1/bluesky/cm/lcirclew.pfb
cmssdc10</usr/share/texmf/fonts/type1/bluesky/cm/cmssdc10.pfb
cmcsc10</usr/share/texmf/fonts/type1/bluesky/cm/cmcsc10.pfb
cmdunh10</usr/share/texmf/fonts/type1/bluesky/cm/cmdunh10.pfb
cmfi10</usr/share/texmf/fonts/type1/bluesky/cm/cmfi10.pfb
cmbxti10</usr/share/texmf/fonts/type1/bluesky/cm/cmbxti10.pfb
cmsltt10</usr/share/texmf/fonts/type1/bluesky/cm/cmsltt10.pfb
cmssi10</usr/share/texmf/fonts/type1/bluesky/cm/cmssi10.pfb
cmssi12</usr/share/texmf/fonts/type1/bluesky/cm/cmssi12.pfb
cmssi17</usr/share/texmf/fonts/type1/bluesky/cm/cmssi17.pfb
cmr5</usr/share/texmf/fonts/type1/bluesky/cm/cmr5.pfb
cmr6</usr/share/texmf/fonts/type1/bluesky/cm/cmr6.pfb
cmr7</usr/share/texmf/fonts/type1/bluesky/cm/cmr7.pfb
cmr8</usr/share/texmf/fonts/type1/bluesky/cm/cmr8.pfb
cmr9</usr/share/texmf/fonts/type1/bluesky/cm/cmr9.pfb
cmtt10</usr/share/texmf/fonts/type1/bluesky/cm/cmtt10.pfb
cmtt12</usr/share/texmf/fonts/type1/bluesky/cm/cmtt12.pfb
cmssi8</usr/share/texmf/fonts/type1/bluesky/cm/cmssi8.pfb
cmssi9</usr/share/texmf/fonts/type1/bluesky/cm/cmssi9.pfb
cmtcsc10</usr/share/texmf/fonts/type1/bluesky/cm/cmtcsc10.pfb
lcmss8</usr/share/texmf/fonts/type1/bluesky/cm/lcmss8.pfb
cmu10</usr/share/texmf/fonts/type1/bluesky/cm/cmu10.pfb
line10</usr/share/texmf/fonts/type1/bluesky/cm/line10.pfb
cmmi10</usr/share/texmf/fonts/type1/bluesky/cm/cmmi10.pfb
cmssq8</usr/share/texmf/fonts/type1/bluesky/cm/cmssq8.pfb
cmmi12</usr/share/texmf/fonts/type1/bluesky/cm/cmmi12.pfb
cmsy10</usr/share/texmf/fonts/type1/bluesky/cm/cmsy10.pfb
cminch</usr/share/texmf/fonts/type1/bluesky/cm/cminch.pfb
lasyb10</usr/share/texmf/fonts/type1/bluesky/cm/lasyb10.pfb
cmsl10</usr/share/texmf/fonts/type1/bluesky/cm/cmsl10.pfb
cmsl12</usr/share/texmf/fonts/type1/bluesky/cm/cmsl12.pfb
linew10</usr/share/texmf/fonts/type1/bluesky/cm/linew10.pfb
cmbx5</usr/share/texmf/fonts/type1/bluesky/cm/cmbx5.pfb
cmss10</usr/share/texmf/fonts/type1/bluesky/cm/cmss10.pfb
cmbx6</usr/share/texmf/fonts/type1/bluesky/cm/cmbx6.pfb
cmbx7</usr/share/texmf/fonts/type1/bluesky/cm/cmbx7.pfb
cmss12</usr/share/texmf/fonts/type1/bluesky/cm/cmss12.pfb
cmbx8</usr/share/texmf/fonts/type1/bluesky/cm/cmbx8.pfb
cmtex10</usr/share/texmf/fonts/type1/bluesky/cm/cmtex10.pfb
cmbx9</usr/share/texmf/fonts/type1/bluesky/cm/cmbx9.pfb
cmss17</usr/share/texmf/fonts/type1/bluesky/cm/cmss17.pfb
cmb10</usr/share/texmf/fonts/type1/bluesky/cm/cmb10.pfb
cmmib10</usr/share/texmf/fonts/type1/bluesky/cm/cmmib10.pfb
cmitt10</usr/share/texmf/fonts/type1/bluesky/cm/cmitt10.pfb
cmti10</usr/share/texmf/fonts/type1/bluesky/cm/cmti10.pfb
cmti12</usr/share/texmf/fonts/type1/bluesky/cm/cmti12.pfb
cmff10</usr/share/texmf/fonts/type1/bluesky/cm/cmff10.pfb
cmex10</usr/share/texmf/fonts/type1/bluesky/cm/cmex10.pfb
cmbsy10</usr/share/texmf/fonts/type1/bluesky/cm/cmbsy10.pfb
lasy10</usr/share/texmf/fonts/type1/bluesky/cm/lasy10.pfb
cmsl8</usr/share/texmf/fonts/type1/bluesky/cm/cmsl8.pfb
cmsl9</usr/share/texmf/fonts/type1/bluesky/cm/cmsl9.pfb
cmfib8</usr/share/texmf/fonts/type1/bluesky/cm/cmfib8.pfb
cmr10</usr/share/texmf/fonts/type1/bluesky/cm/cmr10.pfb
cmr12</usr/share/texmf/fonts/type1/bluesky/cm/cmr12.pfb
cmr17</usr/share/texmf/fonts/type1/bluesky/cm/cmr17.pfb
cmmi5</usr/share/texmf/fonts/type1/bluesky/cm/cmmi5.pfb
cmmi6</usr/share/texmf/fonts/type1/bluesky/cm/cmmi6.pfb
cmmi7</usr/share/texmf/fonts/type1/bluesky/cm/cmmi7.pfb
cmmi8</usr/share/texmf/fonts/type1/bluesky/cm/cmmi8.pfb
cmmi9</usr/share/texmf/fonts/type1/bluesky/cm/cmmi9.pfb
cmss8</usr/share/texmf/fonts/type1/bluesky/cm/cmss8.pfb
cmss9</usr/share/texmf/fonts/type1/bluesky/cm/cmss9.pfb
cmti7</usr/share/texmf/fonts/type1/bluesky/cm/cmti7.pfb
cmti8</usr/share/texmf/fonts/type1/bluesky/cm/cmti8.pfb
cmti9</usr/share/texmf/fonts/type1/bluesky/cm/cmti9.pfb
lasy5</usr/share/texmf/fonts/type1/bluesky/cm/lasy5.pfb
lasy6</usr/share/texmf/fonts/type1/bluesky/cm/lasy6.pfb
lasy7</usr/share/texmf/fonts/type1/bluesky/cm/lasy7.pfb
lasy8</usr/share/texmf/fonts/type1/bluesky/cm/lasy8.pfb
lasy9</usr/share/texmf/fonts/type1/bluesky/cm/lasy9.pfb
lcmssb8</usr/share/texmf/fonts/type1/bluesky/cm/lcmssb8.pfb
cmbx10</usr/share/texmf/fonts/type1/bluesky/cm/cmbx10.pfb
cmbx12</usr/share/texmf/fonts/type1/bluesky/cm/cmbx12.pfb
cmsy5</usr/share/texmf/fonts/type1/bluesky/cm/cmsy5.pfb
cmsy6</usr/share/texmf/fonts/type1/bluesky/cm/cmsy6.pfb
cmsy7</usr/share/texmf/fonts/type1/bluesky/cm/cmsy7.pfb
cmsy8</usr/share/texmf/fonts/type1/bluesky/cm/cmsy8.pfb
cmsy9</usr/share/texmf/fonts/type1/bluesky/cm/cmsy9.pfb
cmssbx10</usr/share/texmf/fonts/type1/bluesky/cm/cmssbx10.pfb
cmtex8</usr/share/texmf/fonts/type1/bluesky/cm/cmtex8.pfb
cmtex9</usr/share/texmf/fonts/type1/bluesky/cm/cmtex9.pfb
cmbxsl10</usr/share/texmf/fonts/type1/bluesky/cm/cmbxsl10.pfb
cmbsy5</usr/share/texmf/fonts/type1/bluesky/cmextra/cmbsy5.pfb
cmbsy7</usr/share/texmf/fonts/type1/bluesky/cmextra/cmbsy7.pfb
cmmib5</usr/share/texmf/fonts/type1/bluesky/cmextra/cmmib5.pfb
cmmib7</usr/share/texmf/fonts/type1/bluesky/cmextra/cmmib7.pfb
eurm10</usr/share/texmf/fonts/type1/bluesky/euler/eurm10.pfb
eusb10</usr/share/texmf/fonts/type1/bluesky/euler/eusb10.pfb
eufb10</usr/share/texmf/fonts/type1/bluesky/euler/eufb10.pfb
eurb5</usr/share/texmf/fonts/type1/bluesky/euler/eurb5.pfb
eurb7</usr/share/texmf/fonts/type1/bluesky/euler/eurb7.pfb
eurb10</usr/share/texmf/fonts/type1/bluesky/euler/eurb10.pfb
eurm5</usr/share/texmf/fonts/type1/bluesky/euler/eurm5.pfb
eusb5</usr/share/texmf/fonts/type1/bluesky/euler/eusb5.pfb
eurm7</usr/share/texmf/fonts/type1/bluesky/euler/eurm7.pfb
eusb7</usr/share/texmf/fonts/type1/bluesky/euler/eusb7.pfb
eusm10</usr/share/texmf/fonts/type1/bluesky/euler/eusm10.pfb
eufb5</usr/share/texmf/fonts/type1/bluesky/euler/eufb5.pfb
eufb7</usr/share/texmf/fonts/type1/bluesky/euler/eufb7.pfb
eusm5</usr/share/texmf/fonts/type1/bluesky/euler/eusm5.pfb
eusm7</usr/share/texmf/fonts/type1/bluesky/euler/eusm7.pfb
eufm10</usr/share/texmf/fonts/type1/bluesky/euler/eufm10.pfb
euex10</usr/share/texmf/fonts/type1/bluesky/euler/euex10.pfb
eufm5</usr/share/texmf/fonts/type1/bluesky/euler/eufm5.pfb
eufm7</usr/share/texmf/fonts/type1/bluesky/euler/eufm7.pfb
msbm10</usr/share/texmf/fonts/type1/bluesky/symbols/msbm10.pfb
msam5</usr/share/texmf/fonts/type1/bluesky/symbols/msam5.pfb
msam7</usr/share/texmf/fonts/type1/bluesky/symbols/msam7.pfb
msbm5</usr/share/texmf/fonts/type1/bluesky/symbols/msbm5.pfb
msbm7</usr/share/texmf/fonts/type1/bluesky/symbols/msbm7.pfb
msam10</usr/share/texmf/fonts/type1/bluesky/symbols/msam10.pfb
wncyss10</usr/share/texmf/fonts/type1/bluesky/cyrillic/wncyss10.pfb
wncyb10</usr/share/texmf/fonts/type1/bluesky/cyrillic/wncyb10.pfb
wncyi10</usr/share/texmf/fonts/type1/bluesky/cyrillic/wncyi10.pfb
wncyr10</usr/share/texmf/fonts/type1/bluesky/cyrillic/wncyr10.pfb
wncysc10</usr/share/texmf/fonts/type1/bluesky/cyrillic/wncysc10.pfb
